<?php return array (
  0 => 'Symfony\\Bundle\\FrameworkBundle\\Controller\\AbstractController',
  1 => 'App\\Controller\\MailerController',
  2 => 'App\\Entity\\Boisson',
  3 => 'App\\Entity\\Burger',
  4 => 'App\\Entity\\BurgerCommande',
  5 => 'App\\Entity\\Catalogues',
  6 => 'App\\Entity\\Client',
  7 => 'App\\Entity\\Commande',
  8 => 'App\\Entity\\Complements',
  9 => 'App\\Entity\\Gestionnaire',
  10 => 'App\\Entity\\Img',
  11 => 'App\\Entity\\Livraison',
  12 => 'App\\Entity\\Livreur',
  13 => 'App\\Entity\\Menu',
  14 => 'App\\Entity\\MenuBurger',
  15 => 'App\\Entity\\MenuCommande',
  16 => 'App\\Entity\\MenuPortionFrite',
  17 => 'App\\Entity\\MenuTaille',
  18 => 'App\\Entity\\PortionFrite',
  19 => 'App\\Entity\\Produit',
  20 => 'App\\Entity\\Quartier',
  21 => 'App\\Entity\\Taille',
  22 => 'App\\Entity\\User',
  23 => 'App\\Entity\\Zone',
  24 => 'Doctrine\\Bundle\\DoctrineBundle\\Controller\\ProfilerController',
  25 => 'Doctrine\\ORM\\Cache\\Persister\\Entity\\AbstractEntityPersister',
  26 => 'Doctrine\\ORM\\Cache\\Persister\\Entity\\CachedEntityPersister',
  27 => 'Doctrine\\ORM\\Cache\\Persister\\Entity\\NonStrictReadWriteCachedEntityPersister',
  28 => 'Doctrine\\ORM\\Cache\\Persister\\Entity\\ReadOnlyCachedEntityPersister',
  29 => 'Doctrine\\ORM\\Cache\\Persister\\Entity\\ReadWriteCachedEntityPersister',
  30 => 'Doctrine\\ORM\\Persisters\\Entity\\AbstractEntityInheritancePersister',
  31 => 'Doctrine\\ORM\\Persisters\\Entity\\BasicEntityPersister',
  32 => 'Doctrine\\ORM\\Persisters\\Entity\\CachedPersisterContext',
  33 => 'Doctrine\\ORM\\Persisters\\Entity\\EntityPersister',
  34 => 'Doctrine\\ORM\\Persisters\\Entity\\JoinedSubclassPersister',
  35 => 'Doctrine\\ORM\\Persisters\\Entity\\SingleTablePersister',
  37 => 'Symfony\\Bundle\\FrameworkBundle\\Controller\\ControllerResolver',
  38 => 'Symfony\\Bundle\\FrameworkBundle\\Controller\\RedirectController',
  39 => 'Symfony\\Bundle\\FrameworkBundle\\Controller\\TemplateController',
  40 => 'Symfony\\Component\\HttpKernel\\Controller\\ArgumentResolver',
  41 => 'Symfony\\Component\\HttpKernel\\Controller\\ArgumentResolverInterface',
  42 => 'Symfony\\Component\\HttpKernel\\Controller\\ArgumentResolver\\BackedEnumValueResolver',
  43 => 'Symfony\\Component\\HttpKernel\\Controller\\ArgumentResolver\\DateTimeValueResolver',
  44 => 'Symfony\\Component\\HttpKernel\\Controller\\ArgumentResolver\\DefaultValueResolver',
  45 => 'Symfony\\Component\\HttpKernel\\Controller\\ArgumentResolver\\NotTaggedControllerValueResolver',
  46 => 'Symfony\\Component\\HttpKernel\\Controller\\ArgumentResolver\\RequestAttributeValueResolver',
  47 => 'Symfony\\Component\\HttpKernel\\Controller\\ArgumentResolver\\RequestValueResolver',
  48 => 'Symfony\\Component\\HttpKernel\\Controller\\ArgumentResolver\\ServiceValueResolver',
  49 => 'Symfony\\Component\\HttpKernel\\Controller\\ArgumentResolver\\SessionValueResolver',
  50 => 'Symfony\\Component\\HttpKernel\\Controller\\ArgumentResolver\\TraceableValueResolver',
  51 => 'Symfony\\Component\\HttpKernel\\Controller\\ArgumentResolver\\UidValueResolver',
  52 => 'Symfony\\Component\\HttpKernel\\Controller\\ArgumentResolver\\VariadicValueResolver',
  53 => 'Symfony\\Component\\HttpKernel\\Controller\\ArgumentValueResolverInterface',
  54 => 'Symfony\\Component\\HttpKernel\\Controller\\ContainerControllerResolver',
  55 => 'Symfony\\Component\\HttpKernel\\Controller\\ControllerReference',
  56 => 'Symfony\\Component\\HttpKernel\\Controller\\ControllerResolver',
  57 => 'Symfony\\Component\\HttpKernel\\Controller\\ControllerResolverInterface',
  58 => 'Symfony\\Component\\HttpKernel\\Controller\\ErrorController',
  59 => 'Symfony\\Component\\HttpKernel\\Controller\\TraceableArgumentResolver',
  60 => 'Symfony\\Component\\HttpKernel\\Controller\\TraceableControllerResolver',
  61 => 'Symfony\\Component\\Security\\Http\\Controller\\UserValueResolver',
  62 => 'Vich\\UploaderBundle\\Entity\\File',
);